---
cssclasses:
  - my_style_width_100
---

> 학습목표
> MySQL엔진과 MySQL서버에서 기본으로 제공되는 InnoDB 스토리지 엔진, 그리고 MyISAM 스토리지 엔진을 구분해서 설펴볼 예정



### 4장을 보며 찾을 의문점
1. 엔진이 무엇일까
2. 왜 mySQL은 다른 DBMS와 독특한 차이가 있다고 이야기하는 걸까
3. ANSI가 중요한 이유는 뭘까?


# 아키텍처

MySQL 서버는 <u>MySQL엔진</u>과 <u>스토리지 엔진</u>으로 구분할 수 있습니다.

스토리지 엔진은 핸들러 API를 만족하면 누구든지 스토리지 엔진을 구현해서 MySQL 서버에 추가해서 사용할 수 있습니다.



## 4.1 MYSQL 엔진 아키텍처

[[MySQL서버]]는 다른 DBMS에 비해 구조가 독특합니다. 이런 독특한 구조 때문에 다른 DBMS에서는 가질 수 없는 엄청난 혜택을 누릴 수 있으며, 반대로 다른 DBMS에서는 문제되지 않을 것들이 가끔 문제가 되기도 한다.
[[MySQL엔진]]
[[엔진이 뭐죠?]]

#### 어떤 문제가 있죠..?
![[Pasted image 20231122213820.png]]



#### MySQL 엔진
[[MySQL엔진]]
MySQL 엔진은 클라이언트로부터의 접속 및 쿼리 요청을 처리하는 커넥션 핸들러와 SQL 파서 및 전처리기 

그래서 MySQL엔진의 의미는 무엇일까요? 
-> 한줄로 요약하기
#### 스토리지 엔진
[[스토리지 엔진]]
MySQL 엔진은 요청된 SQL 문장을 분석하거나 최적화하는 등 DBMS의 두뇌에 해당하는 처리를 수행하고, 실제 데이터를 디스크 스토리지에 저장하거나 디스크 스토리지로부터 데이터를 읽어오는 부분은 스토리지 엔진이 전담합니다.


MySQL 서버에서 MySQL엔진은 하나지만 스토리지 엔진은 여러 개를 동시에 사용할 수 있다.
-> InnoDB로 할건지 MyISAM으로 할지 정하는 것 처럼 그런 것 같은데 왜 이 구조를 허용했지?
-> 데이터베이스 테이블마다 다른 스토리지 엔진을 사용할 수 있음

#### 핸들러 API
[[핸들러 API]]
MySQL 엔진의 쿼리 실행기에서 데이터를 쓰거나 읽어야 할 때는 각 스토리지 엔진에 쓰기 또는 읽기를 요청하는데, 이러한 요청을 핸들러요청이라고 부릅니다.
여기서 사용하는 API를 핸들러 API라고 부릅니다. 



## 4.1.2 MySQL 스레딩 구조

[[MySQL서버]]
MySQL 서버는 프로세스 기반이 아니라 스레드 기반으로 작동한다.
- 포그라운드 스레드
- 백그라운드 스레드
위 두가지로 구분한다.

MySQL 서버에서 실행 중인 스레드의 목록은 `performance_schema` 데이터베이스의 threads 테이블을 통해 확인할 수 있습니다.
```mysql

Database changed
mysql> SELECT thread_id, name, type, processlist_user, processlist_host  FROM  performance_schema, threads ORDER BY type, thread_id;
ERROR 1146 (42S02): Table 'mysql.performance_schema' doesn't exist
mysql> SELECT thread_id, name, type, processlist_user, processlist_host  FROM  performance_schema.threads ORDER BY type, thread_id;
+-----------+---------------------------------------------+------------+------------------+------------------+
| thread_id | name                                        | type       | processlist_user | processlist_host |
+-----------+---------------------------------------------+------------+------------------+------------------+
|         1 | thread/sql/main                             | BACKGROUND | NULL             | NULL             |
|         2 | thread/mysys/thread_timer_notifier          | BACKGROUND | NULL             | NULL             |
|         4 | thread/innodb/io_ibuf_thread                | BACKGROUND | NULL             | NULL             |
|         5 | thread/innodb/io_read_thread                | BACKGROUND | NULL             | NULL             |
|         6 | thread/innodb/io_read_thread                | BACKGROUND | NULL             | NULL             |
|         7 | thread/innodb/io_read_thread                | BACKGROUND | NULL             | NULL             |
|         8 | thread/innodb/io_read_thread                | BACKGROUND | NULL             | NULL             |
|         9 | thread/innodb/io_write_thread               | BACKGROUND | NULL             | NULL             |
|        10 | thread/innodb/io_write_thread               | BACKGROUND | NULL             | NULL             |
|        11 | thread/innodb/io_write_thread               | BACKGROUND | NULL             | NULL             |
|        12 | thread/innodb/io_write_thread               | BACKGROUND | NULL             | NULL             |
|        13 | thread/innodb/page_flush_coordinator_thread | BACKGROUND | NULL             | NULL             |
|        14 | thread/innodb/log_checkpointer_thread       | BACKGROUND | NULL             | NULL             |
|        15 | thread/innodb/log_flush_notifier_thread     | BACKGROUND | NULL             | NULL             |
|        16 | thread/innodb/log_flusher_thread            | BACKGROUND | NULL             | NULL             |
|        17 | thread/innodb/log_write_notifier_thread     | BACKGROUND | NULL             | NULL             |
|        18 | thread/innodb/log_writer_thread             | BACKGROUND | NULL             | NULL             |
|        19 | thread/innodb/log_files_governor_thread     | BACKGROUND | NULL             | NULL             |
|        24 | thread/innodb/srv_lock_timeout_thread       | BACKGROUND | NULL             | NULL             |
|        25 | thread/innodb/srv_error_monitor_thread      | BACKGROUND | NULL             | NULL             |
|        26 | thread/innodb/srv_monitor_thread            | BACKGROUND | NULL             | NULL             |
|        27 | thread/innodb/buf_resize_thread             | BACKGROUND | NULL             | NULL             |
|        28 | thread/innodb/srv_master_thread             | BACKGROUND | NULL             | NULL             |
|        29 | thread/innodb/dict_stats_thread             | BACKGROUND | NULL             | NULL             |
|        30 | thread/innodb/fts_optimize_thread           | BACKGROUND | NULL             | NULL             |
|        33 | thread/mysqlx/acceptor_network              | BACKGROUND | NULL             | NULL             |
|        37 | thread/innodb/buf_dump_thread               | BACKGROUND | NULL             | NULL             |
|        38 | thread/innodb/clone_gtid_thread             | BACKGROUND | NULL             | NULL             |
|        39 | thread/innodb/srv_purge_thread              | BACKGROUND | NULL             | NULL             |
|        40 | thread/innodb/srv_worker_thread             | BACKGROUND | NULL             | NULL             |
|        41 | thread/innodb/srv_worker_thread             | BACKGROUND | NULL             | NULL             |
|        42 | thread/innodb/srv_worker_thread             | BACKGROUND | NULL             | NULL             |
|        44 | thread/sql/signal_handler                   | BACKGROUND | NULL             | NULL             |
|        45 | thread/mysqlx/acceptor_network              | BACKGROUND | NULL             | NULL             |
|        65 | thread/mysqlx/worker                        | BACKGROUND | NULL             | NULL             |
|       277 | thread/mysqlx/worker                        | BACKGROUND | NULL             | NULL             |
|        43 | thread/sql/event_scheduler                  | FOREGROUND | event_scheduler  | localhost        |
|        47 | thread/sql/compress_gtid_table              | FOREGROUND | NULL             | NULL             |
|       281 | thread/sql/one_connection                   | FOREGROUND | root             | localhost        |
+-----------+---------------------------------------------+------------+------------------+------------------+
39 rows in set (0.01 sec)
```

밑에 3개만 포그라운드 스레드고 나머지는 백그라운드 스레드입니다. 
- `thread/sql'/one_connection` 스레드만 실제 사용자의 요청을 처리하는 포그라운드 스레드 입니다.
-  백그라운드 스레드의 개수는 MySQL 서버의 설정 내용에 따라 가변적이다 -> 이말이 무슨 말이지?
- 동일한 이름의 스레드가 2개 이상씩 보이는 것은 MySQL 서버의 설정 내용에 의해 여러 스레드가 동일 작업을 병렬로 처리하는 경우다.


### 포그라운드 스레드 (클라이언트 스레드)
- 포그라운드 스레드는 최소한 MySQL 서버에 접속된 클라이언트의 수만큼 존재한다.
- 각 클라이언트 사용자가 요청하는 쿼리 문장을 처리한다.

클라이언트 사용자가 작업을 마치고 커넥션을 종료하면 해당 커넥션을 담당하던 스레드는 다시 스레드 캐시로 되돌아간다.
-> 무슨 의미로 받아들이는게 좋을까..?

- 포그라운드 스레드는 데이터를 MySQL의 데이터 버퍼나 캐시로부터 가져오며, 버퍼나 캐시에 없는 경우에는 직접 디스크의 데이터나 인덱스 파일로부터 데이터를 읽어와서 작업을 처리한다.
- MyISAM 테이블은 디스크 쓰기 작업까지 포그라운드 스레드가 처리하지만 InnoDB 테이블은 데이터 버퍼나 캐시까지만 포그라운드 스레드가 처리하고, 나머지 버포로부터 디스크까지 기록하는 작업은 백그라운드 스레드가 처리한다.

> MySQL에서 사용자 스레드와 포그라운드 스레드는 똑같은 의미라고 사용된다. 클라이언트가 MySQL 서버에 접속하게 되면 MySQL 서버는 그 클라잉너트의 요청을 처리해 줄 스레드를 생성해 그 클라이언트에게 할당한다. 이 스레드는 DBMS의 앞단에서 사용자(클라이언트)와 통신하기 때문에 포그라운드 스레드라고 하며, 사용자가 요청한 작업을 처리하기 때문에 사용자 스레드라고도 한다.


### 백그라운드 스레드
MyISAM의 경우에는 별로 해당 사항이 없는 부분이지만 InnoDB는 다음과 같이 여러 가지 작업이 백그라운드로 처리된다.
- 인서트 버퍼(Insert Buffer)를 병합하는 스레드
- 로그를 디스크로 기록하는 스레드
- InnoDB 버퍼 풀의 데이터를 디스크에 기록하는 스레드
- 데이터를 버퍼로 읽어 오는 스레드
- 잠금이나 데드락을 모니터링하는 스레드



## 4.1.3 메모리 할당 구조
MySQL에서 사용되는 메모리 공간은 크게 다음과 같이 분리할 수 있습니다.
- 글로벌 메모리 영역
- 로컬 메모리 영역

글로벌 메모리 영역의 모든 메모리 공간은 <u>MySQL 서버가 시작되면서 운영체제로부터 할당됩니다.</u>
운영체제의 종류에 따라 다르겠지만 요청된 메모리 공간을 100% 할당해줄 수도 있고, 그 공간만큼 예약해두고 필요할 때 조금씩 할당해주는 경우도 있다.



### 글로벌 메모리 영역
일반적으로 클라이언트 스레드의 수와 무관하게 하나의 메모리 공간만 할당된다. 단 필요에 따라 2개 이상의 메모리 공간을 할당받을 수도 있지만 클라이언트의 스레드 수와 무관하며, 생성도니 글로벌 영역이 N개라 하더라도 모든 스레드에 의해 공유된다.
대표적으로 글로벌 메로리 영역은 다음과 같다.
- 테이블 캐시
- InnoDB 버퍼 풀
- InnoDB 어댑티브 해시 인덱스
- InnoDB 리두 로그 버퍼

#### 로컬 메모리 영역
세션 메모리 영역이라고도 표현하며 MySQL 서버상에 존재하는 클라이언트 스레드가 쿼리를 처리하는데 사용하는 메모리 영역이다. 
대표적으로 <u>커넥션 버퍼</u>와 <u>정렬 버퍼</u> 등이 있다.

<u>MySQL 서버에 접속하면 MySQL 서버에서는 클라이언트 커넥션으로부터의 요청을 처리하기 위해 스레드를 하나씩 할당하게 되는데, 클라리언트 스레드가 사용하는 메모리 공간이라고 해서 클라이언트 메모리 영역이라고도 한다. </u>

로컬 메모리는 각 클라리언트 스레드별로 독립적으로 할당되며 절대 공유되어 사용되지 않는다는 특징이 있다. 


## 4.1.4 플러그인 스토리지 엔진 모델

MySQL의 독특한 구조 중 대표적인 것이 <u>플러그인 모델이다</u>. 플러그인에서 사용할 수 있는 것이 스토리지 엔진만 있는 것은 아니다. 
- 전문 검색 엔진을 위한 검색어 파서 -> 플러그인 형태로 개발해서 사용 가능
- 사용자 인증을 위한 Native Authentication, Caching SHA-2 Authentication등도 모두 플러그인으로 구현되어 제공된다.

MySQL에서 쿼리가 실행되는 과정을 보면 거의 대부분의 작업이 MySQL엔진에서 처리되고, 마지막 데이터 읽기.쓰기 작업만 스토리지 엔진에 의해 처리된다.
-> 새로운 용도의 스토리지 엔진을 만든다 하더라도 DBMS의 전체 기능이 아닌 일부분의 기능만 수행하는 엔진을 작성하는 것임

- SQL 파서
- SQL 옵티마이저
- SQL 실행기
- 데이터 읽기/쓰기 (스토리지 엔진의 처리 영역) 
- 디스크

## 4.1.5 컴포넌트
MySql 8.0 부터는 기존의 플러그인 아키텍처를 대처하기 위해 컴포넌트 아키텍처가 지원됩니다. MySQL 서버의 플러그인은ㄷ 다음과 같은 몇 가지 단점이 있는데, 컴포넌트는 이러한 단점들을 보완해서 구현됐다.
- 플러그인은 오직 MYSQL 서버와 인터페이스할 수 있고, 플러그인끼리는 통신할 수 없음
- 플러그인은 MySQL 서버의 변수나 함수를 직접 호출하기 때문에 안전하지 않음
- 플러그인은 상호 의존 관계를 설정할 수 없어서 초기화가 어려움

MySQL 5.7 버전까지는 비밀번호 검증 기능이 플러그인 형태로 제공됐지만 MySQL 8.0의 비밀번호 검증 기능은 컴포넌트로 개선됐다. 

## 4.1.6 쿼리 실행 구조

### 쿼리 파서
쿼리 파서는 사용자 요청으로 들어온 쿼리 문장을 토큰으로 분리해 트리 형태의 구조를 만들어 내는 작업을 의미합니다. 쿼리 문장의 기본 문법 오류는 이 과정에서 발견되고 사용자에게 오류 메시지를 전달합니다.

### 전처리기
파서 과정에서 만들어진 파서 트리를 기반으로 쿼리 문장에 구조적인 문제점이 있는지 확인합니다. 각 토큰을 테이블 이름이나 칼럼 이름, 또는 내장 함수와 같은 개체를 매핑해 해당 객체의 존재 여부와 객체의 접근 권한 등을 이 과정에서 수행합니다. 


- 개체 ? 객체

### 옵티마이저
옵티마어지란 <u>사용자의 요청으로 들어온 쿼리 문장을 저렴한 비용으로 가장 빠르게 처리할지를 결정하는 역할을 담당합니다.</u>

이 책에서 
- 옵티마이저개 선택하는 내용을 설명
- 옵티마이저가 더 나은 서택을 할 수 있게 유도하는 방법을 설명

### 실행 엔진
실행 엔진은 만들어진 계획대로 각 핸들러에게 요청해서 받은 결과를 또 다른 핸들러 요청의 입력으로 연결하는 역할을 수행한다.

### 핸들러
핸들러는 <u>MySQL 서버의 가장 밑단에서 MySQL 실행 엔진의 요청에 따라 데이터를 디스크로 저장하고 디스크로부터 읽어 오는 역할을 담당한다. 핸들러는 결국 스토리지 엔진을 의미한다.</u>

- MyISAM 테이블을 조작하는 경우 MyISAM 스토리지 엔진이 핸들러
- InnoDB 테이블을 조작하는 경우 InnoDB 스토리지 엔진이 핸들러

## 4.1.7 복제
지금은 중요하지 않음 

## 4.1.8 쿼리 캐시

MySQL 8.0에서 부터 해당 기능은 완전히 제거되고 관련 시스템 변수도 모두 제거 됐다.

## 4.1.9 스레드 풀

MySQL 서버 엔터프라이즈 에디션은 스레드 풀 기능을 제공하지만 MySQL 커뮤니티은 지원하지 않는다.


스레드 풀은 내부적으로 사용자의 요청을 처리하는 스레드 개수를 줄여소 동시 처리되는 요청이 많다 하더라도 MySQL 서버의 CPU가 제한된 개수의 스레드 처리에만 집중할 수 있게 해서 서버의 자원 소모를 줄이는 것이 목적이다.

`Percona Server` 의 스레드 풀은 기본적으로 CPU 코어의 개수만큼 스레드 그룹을 생성하는데, 스레드 그룹의 개수는 `thread_pool_size` 시스템 변수를 변경해서 조정할 수 있다. 하지만 일반적으로 CPU코어의 개수와 맞추는 것이 CPU 프로세서 친화도를 높이는 데 좋다.


## 4.1.10 트랜잭션 지원 메타 데이터
데이터베이스 서버에서 테이블의 구조 정보와 스토어드 프로그램 등의 정보를 데이터 딕셔너리 혹은 메타데이터라고 합니다.






# 4.2 InnoDB 스토리지 엔진 아키텍처

- MySQL의 스토리지 엔진 가운데 가장 많이 사용된다.
- 스토리지 엔진 중 거의 유일하게 레코드 기반의 잠금을 제공
- 레코드 기반의 잠금 덕분에 높은 동시성 처리가 가능하며 안정적이고 성능이 뛰어나다.

![[Pasted image 20231124193337.png]]

![[Pasted image 20231124193437.png]]


### 프라이머리 키에 의한 클러스터링

InnoDB의 모든 테이블은 기본적으로 프라이머리 키를 기준으로 클러스터링되어 저장된다.
- 클러스트링이 뭐지?
	- [클러스터링이란?](https://ablearn.kr/newsletter/?idx=13465571&bmode=view)
	- **클러스터링**이란 ‘무리를 이룬다’는 뜻으로, 서로 유사한 속성을 갖는 데이터를 같은 군집으로 묶어주는 작업을 의미함
- InnoDB의 모든 테이블은 프라이머리 키를 기준으로 같은 그룹으로 묶어서 저장한다.
	- 프라이머리 키 값의 순서대로 디스크에 저장된다는 뜻
	- 모든 세컨더리 인덱스는 레코드의 주소 대신 프라이머리 키의 값을 논리적인 주소로 사용한다.
		- 이거도 무슨의미지?
	- 프라이머리 키가 클러스터링 인덱스이기 때문에 프라이머리 키를 이용한  레인지 스캔은 상당히 빠르게 처리될 수 있다.
		- 프라이머리 키가 다른 보조 인덱스에 비해 비중이 높게 설정된다.
			- 쿼리 실행 계획에서 다른 보조 인덱스보다 프라이머리 키가 선택될 확률이 높음
- 오라클 DBMS의 IOT와 동일한 구조
- 클러스터링 인덱스와 관련해서는 이후에 자세하게 다룸


[클러스터링이란?](https://ablearn.kr/newsletter/?idx=13465571&bmode=view)


### 외래 키 지원

외래 키에 대한 지원은 InnoDB 스토리지 엔진 레벨에서 지원하는 기능입니다.

- 외래 키는 데이터베이스 서버 운영의 불편함 떄문에 서비스용 데이터베이스에서는 생성하지 않는 경우도 자주 있지만 개발 환경의 데이터베이스에서는 좋은 가이드 역할을 할 수 있습니다.

#### 외래키 사용의 주의점
- 부모 테이블과 자식 테이블 모두 해당 칼럼에 인덱스 생성이 필요하고 변경 시에는 반드시 부모 테이블이나 자식 테이블에 데이터가 있는지 체크하는 작업이 필요하므로 잠금이 여러 테이블로 전파되고, 그로 인해 데드락이 발생할 때가 많으므로 개발할 때도 외래 키의 존재에 주의해야 합니다.

### MVCC(Multi Version Concurrency Control)

일반적으로 레코드 레벨의 트랜잭션을 지원하는 DBMS가 제공하는 기능이며, MVCC의 가장 큰 목적은 잠금을 사용하지 않는 일관된 읽기를 제공하는 데 있습니다.
-> 레코드를 잠그지 않고 일관된 읽기를 제공하는 목적을 가지고 있다. 

InnoDB는 언두 로그를 이용해 이 기능을 구현합니다.

여기서 멀티 버전은 하나의 레코드에 대해 여러 개의 버전이 동시에 관리된다는 의미입니다.


```mysql
mysql> create table member (
    ->  m_id int not null,
    ->  m_name varchar(20) not null,
    ->  m_area varchar(100) not null,
    ->  primary key (m_id),
    ->  index ix_area (m_area)
    -> );
mysql> insert into member (m_id, m_name,m_area) values (12, '홍길동', '서울');
mysql> commit;
```

```mysql
update member set m_area='경기' where m_id=12;
```

![[Pasted image 20231125133455.png]]

Update문장이 실행되면 커밋 실행 여부와 관계없이 InnoDB의 버퍼 풀은 새로운 값인 '경기'로 업데이트 된다. 그리고 디스크의 데이터 파일에는 체크포인트나 InnoDB의 write스레드에 의해 새로운 값으로 업데이트돼 있을 수도 있고 아닐 수도 있다.
<u>InnoDB가 ACID를 보장하기 때문에 일반적으로는 InnoDB의 버퍼 풀과 데이터 파일은 동일한 상태라고 가정해도 무방합니다</u>


#### 아직 COMMIT이나 ROLLBACK이 되지 않은 상태에서 다른 사용자가 다음 같은 쿼리로 작업 중인 레코드를 조회하면 어디에 있는 데이터를 조회할 까?

MySQL 서버의 시스템 변수(`transaction_isolation`)에 설정된 격리 수준에 따라 다름


### 잠금 없는 일관된 읽기(Non-Locking Consistent Read)
InnoDB 스토리지 엔진은 MVCC 기술을 이용해 잠금을 걸지 않고 읽기 작업을 수행합니다.
-> 읽기 작업만 잠금을 걸지 않음
- 격리 수준이 `SERIALIZABLE` 이 아닌 `READ_UNCOMMITED`, `READ_COMMITED` , `REPEATABLE_READ` 수준인 경우 INSERT와 연결되지 않은 순수한 읽기 작업은 다른 트랜잭션의 변경 작업과 관계없이 항상 잠금을 대기하지 않고 바로 실행됩니다.

(그림 추가 예정)


잠금 없는 일관된 읽기는 InnoDB에서 변경되기 전의 데이터를 읽기 위해 언두 로그를 활용한다. 만약 오랜 시간 동안 활성 상태인 트랜잭션으로 인해 MySQL 서버가 느려지거나 문제가 발생할 때가 가끔 있는데, 바로 이러한 일관된 읽기를 위해 언두 로그를 삭제하지 못하고 계속 유지해야 하기 때문에 발생하는 문제다. <u>따라서 트랜잭션이 시작됐다면 가능한 한 빨리 롤백이나 커밋을 통해 트랜잭션을 완료하는 것이 좋다</u>



> 선행 지식
> - 언두 로그 
> - innoDB 버퍼 풀

## 4.2.5 자동 데드락 감지

InnoDB 스토리지 엔진은
- 내부적으로 잠금이 교착상태에 빠지지 않았는지 체크하기 위해 잠금 대기 목록을 그래프 형태로 관리합니다.
- 데드락 감지 스레드를 가지고 있어 데드락 감지 스레드가 주기적으로 잠금 대기 그래프를 검사해 교착 상태에 빠진 트랜잭션을 찾아서 그중 하나를 강제 종료합니다.
	- 이때 어느 트랜잭션을 먼저 강제 종료할 것인지를 판단하는 기준은 트랜잭션의 언두 로그 양이며, 언두 로그 레코드를 더 적게 가진 트랜잭션이 일반적으로 롤백의 대상이 된다.
	- 트랜잭션이 언두 레코드를 적게 가졌다는 이야기는 롤백을 해도 언두 처리를 해야 할 내용이 적다는 것이며, 트랜잭션 강제 롤백으로 인한 MySQL 서버의 부하도 덜 유발함

- 교착 상태에 빠진 트랜잭션을 왜 하나만 종료해도 되는지
- 언두 로그 레코드가 무엇인지

InnoDB 스토리지 엔진은 상위 레이어인 MySQL 엔진에서 관리되는 테이블 잠금은 볼 수가 없어서 데드락 감지가 불확실할 수도 있다.
`innodb_table_locks` 시스템 변수를 활성화하면 InnoDB 스토리지 엔진 내부의 레코드 잠금뿐만 아니라 테이블 레벨의 잠금까지 감지할 수 있게 된다.
-> 시스템 변수를 활성화하자

동시 처리 스레드가 매우 많아지거나 각 트랜잭션이 가진 잠금의 개수가 많아지면 데드락 감지 스레드가 느려진다.
-> 왜?
데드락 감즈 스레드가 가지는 특성중에서 잠금 목록을 검사할 때 잠금 상태가 변경되지 않도록 잠금 목록이 저장된 리스트(잠금 테이블)에 새로운 잠금을 걸고 데드락 스레드를 찾게 된다.
-> 데드락 감지 스레드가 느려지면 서비스 쿼리를 처리 중인 스레드는 더는 작업을 진행하지 못하고 대기하면서 서비스에 악영향을 미치게 된다.
-> 동시 처리 스레드가 매우 많은 경우 데드락 감지 스레드는 더 많은 CPU 자원을 소모할 수도 있다.

`innodb_deadlock_detect` 시스템 변수에 대해 확인 및 구글 사례
그리고 innodb_deadlock_detect를 활성화 해서 성능 비교

## 4.2.6 자동화된  장애 복구

(현재 전체 흐름을 이해하는데 크게 도움은 안됨 이후 다시와서 확인)

##  4.2.7 InnoDB 버퍼 풀
- InnoDB 스토리지 엔진에서 가장 핵심적인 부분으로, 디스의 데이터 파일이나 인덱스 정보를 메모리에 캐시해 두는 공간입니다.
- 쓰기 작업을 지연시켜 일괄 작업으로 처리할 수 있게 해주는 버퍼 역할
- DML의 경우 데이터를 변경하는 쿼리는 여러 위치의 데이터 파일을 변경하기 때문에 랜덤한 디스크 작업을 발생시키는데 버퍼 풀이 이러한 변경된 데이터를 모아서 처리하면 랜덤한 디스크 작업의 횟수를 줄일 수 있다.
	- 그러면 UPDATE, UPDATE, UPDATE 이렇게 처리되는 상황에서 순서대로 처리되는게 아니라는 거야..?

디스크의 데이터 파일이나 인덱스 정보를 메모리에 캐시해두는 공간
- 왜 캐시할까요?
- 캐시한다면 지우는 시점은 언제인가요?

### 버퍼 풀의 크기 설정

버퍼 풀의 크기를 설정할 때는 운영체제와 각 클라이언트 스레드가 사용할 메모리도 충분히 고려해서 설정해야 합니다.
- MySQL 서버 내에서 메모리를 필요로 하는 부분은 크게 없ㄱ지만 아주 독특한 경우 레코드 버퍼가 상당한 메모리를 사용하기도 합니다.


레코드 버퍼는 각 클라이언트 세션에서 테이블의 레코드를 읽고 쓸 때 버퍼로 사용하는 공간.
케넥션이 많고 사용하는 테이블이 많다면 레코드 버퍼 용도로 사용되는 메모리 공간이 꽤 많이 필요해질 수 있습니다.
> 커넥션이 많아지면 버퍼가 많이 필요함 (당연)
- MySQL 서버가 사용하는 레코드 버퍼 공간은 별도로 설정할 수 없음
- 전체 커넥션 개수와 각 커네겻ㄴ에서 읽고 쓰는 테이블의 개수에 따라서결정
- 버퍼 공간은 동적으로 해제되기도 하므로 정확히 필요한 메모리 공간의 크기를 계산할 수 없다.
-> 레코드 버퍼 공간 설정은 쉽지 않다.

MySQL 5.7버전부터는 InnoDB 버퍼 풀의 크기를 동적으로 조절할 수 있다. 
가능한 InnoDB 버퍼 풀의 크기를 적절히 작은 값으로 설정하고 상황을 봐 가면서 증가시키는 방법이 최적
-> 어떤 상황을 봐야하죠?
-> 사용하고 있는 MySQL 서버 메모리 설정 기준으로 InnoDB 버퍼 풀의 크기를 조정
-> 처음 설정하면 다음과 같은 방법을 고려
1. 운영체제의 전체 메모리 공간이 8GB 미만이면 50%정도만 InnoDB 버퍼 풀로 설정
2. 나머지 메모리 공간은 MySQL 서버와 운영체제, 그리고 다른 프로그램이 사용할 수 있는 공간으로 확보
3. 전체 메로리 공간이 그 이상이라면 InnoDB 버퍼 풀의 크기를 전체 메모리의 50%에서 시작해 조금씩 올려가면서 최적점을 찾는다.
4. 운영체제의 메모리 공간이 50GB 이상이라면 15GB에서 30GB정도를 운영체제와 다른 응용 프로그램을 위해서 남겨두고 나머지를 InnoDB 버퍼 풀로 할당

InnoDB 버퍼 풀은 `innodb_buffer_pool_size` 시스템 변수로 크기를 설정할 수 있으며, 동적으로 버퍼풀의 크기를 확장할 수 있다. 
버퍼 풀의 크기 변경은 치명적인 변경상항이기에 MySQL 서버가 한가한 시점에 진행
<u>InnoDB 버퍼 풀을 더 크게 변경하는 작업은 시스템 영향도가 크지 않지만, 줄이는 작업의 경우 서비스 영향도가 매우 크기 때문에 가능하면 줄이는 작업을 하지 말자</u>

InnoDB 버퍼 풀은 내부적으로 128MB 청크 단위로 쪼개어 관리되는데, 이는 버퍼 풀의 크기를 줄이거나 늘리기 위한 단위 크기로 사용
버퍼 풀의 크기를 동적으로 변경해야 한다면 128MB 단위로 처리함



### 버퍼 풀의 구조
InnoDB 스토리지 엔진은 버퍼 풀을 페이지 크기의 조각으로 쪼개어 엔진이 데이터를 필요로 할 때 해당 데이터 페이지를 읽어서 각 조각에 저장한다.

버퍼 풀의 페이지 크기 조각을 관리 하기 위해 
- LRU ( Least Recently Used ) 리스트
- 플러시 (Flush) 리스트
- 프리 (Free) 리스트
3개의 자료구조를 관리한다. 
(109페이지에서 각 자료구조의 특징이해 필요 지금은 필요없음)

### 버퍼 풀과 리두 로그

선행지식
- 리두 로그
- 




선행 지식
- 레코드 버퍼


## 4.2.9 언두 로그

InnoDB 스토리지 엔진은 트랜잭션과 격리 수준을 보장하기 위해 DML로 변경되기 이전 버전의 데이터를 별도로 백업합니다. 
이렇게 백업된 데이터를 언두 로그(Undo Log)라고 합니다. 

언두 로그는 다음과 같은 방법으로 사용됩니다.

- 트랜잭션 보장
	- 트랜잭션이 롤백되면 트랜잭션 도중 변경된 데이터를 변경 전 데이터로 복구해야 하는데, 이때 언두 로그에 백업해둔 이전 버전의 데이터를 이용해 복구한다.
- 격리 수준 보장
	- 특정 커넥션에서 데이터를 변경하는 도중에 다른 커넥션에서 데이터를 조회하면 트랜잭션 격리 수준에 맞게 변경중인 레코드를 읽지 않고 언두 로그에 백업해둔 데이터를 읽어서 반환하기도 합니다. 

<u>언두 로그는 InnoDB 스토리지 엔진에서 매우 중요한 역할을 담당하지만 관리 비용도 많이 필요합니다.</u>

> 한줄 요약
> InnoDB 스토리지 엔진에서 트랜잭션과 격리수준을 보장하기 위해 DML로 변경되기 이전 버전의 데이터를 백업하는데 이를 언두 로그라고 합니다.
> -> InnoDB에서만 사용하는 용어인가? (NO)
> DBMS에서 광범위하게 사용하는 용어

### 언두 로그 모니터링
언두 영역은 `INSERT`, `UPDATE`, `DELETE` 같은 문장으로 데이터를 변경했을 때 변경되기 전의 데이터(이전 데이터)를 보관하는 곳이다. 


```mysql
update member set name = '~' where member_id = 1;
```

위 쿼리가 실행되면 트랜잭션을 커밋하지 않아도 실제 데이터 파일(데이터/인덱스 버퍼) 내용은 지정한 문자열로 변경됩니다. 만약 변변경되기 전의 값이 있다면, 언두 영역에는 이전 값이 백업되는 것이죠. 이 상태에서 커밋하면 현재 상태가 유지되고, 롤백하면 언두 영역의 백업된 데이터를 다시 데이터 파일로 복구합니다.

언두 로그는 다음과 같이 사용됩니다.
1. 트랜잭션의 롤백 대비용
2. 트랜잭션의 격리 수준을 유지하면서 높은 동시성을 제공
	 - 트랜잭션의 격리 수준이라는 개념은 동시에 여러 트랜잭션이 데이터를 변경하거나 조회할 때 한 트랜잭션의 작업 내용이 다른 트랜잭션에 어떻게 보일지를 결정하는 기준이다. 자세한건 5장에서 설명

언두로그를 사용했을 때 발생할 수 있는 문제점은 다음과 같습니다. 

1억건의 데이터를 삭제할 때 1억건의 데이터는 모두 언두영역에 위치하게 된다. 이 때 한번 증가한 언두 영역은 다시 줄어들지 않는다. 그렇기에 대용량의 데이터를 처리하는 트랜잭션뿐만 아니라 트랜잭션이 오랜 시간 동안 실행될 때도 언두 로그의 양은 급격하게 증가할 수 있습니다. 또한 트랜잭션이 완료됐다고 해서 해당 트랜잭션이 생성한 언두 로그를 즉시 삭제할 수 없습니다.

![[Pasted image 20231125012903.png]]

원래는 언두 영역이 한번 늘어난 경우 서버를 재구축하지 않는 한 줄일 수 없었지만 8.0부터는 언두 로그를 돌아가면서 순차적으로 사용해 디스크 공간을 줄이는 것도 가능하며 서버가 필요한 시점에 사용 공간을 자동을 줄여 주기도 합니다.

하지만 여전히 서비스 중인 MySQL 서버에서화성 상태의 트랜잭션이 장시간 유지되는 것은 성능상 좋지 않습니다. 그래서 MySQL 서버의 언두 로그가 얼마나 증가했는지는 항상 모니터링하는 것이 좋으며 다음과 같이 MySQL 서버의 언두 로그 건수를 확인할 수 있습니다.

```mysql
SHOW ENGINE INNODB STATUS \G
```

MySQL 서버에서 실행되는 DML문장이 얼마나 많은 데이터를 변경하느냐에 따라 평상시 언두 로그 건수는 상이합니다. 그래서 MySQL 서버별로 이 값은 차이를 보이며 서버별로 안정적인 시점의 언두 로그 건수를 확인해 이를 기준으로 언두 로그의 급증 여부를 모니터링하는 것이 좋습니다. 

> MySQL 서버에서 INSERT 문장으로 인한 언두 로그와 UPDATE 문장으로 인한 언두 로그는 별도로 관리된다. UPDATE DELETE 문장으로 인한 언두 로그는 MVCC와 데이터 복구에 모두 사용되지만 INSERT 문장으로 인한 언두 로그는 MVCC를 위해서는 사용되지 않고 롤백이나 데이터 복구만을 위해서 사용되기 때문이다.


### 언두 테이블 스페이스 관리
언두 로그가 저장되는 공간을 언두 테이블스페이스라고 합니다. 
> 언두 영역이랑 다른게 있나..?


연관 자료
- MVCC

## 4.2.10 체이지 버퍼

RDMS에서 레코드가 INSERT 되거나 UPDATE될 때는 데이터 파일을 변경하는 작업뿐 아니라 해당 테이블에 포함된 인덱스를 업데이트하는 작업도 필요합니다.

그런데 인덱스를 업데이트하는 작업은 랜덤하게 디스크를 읽는 작업이 필요하므로 테이블에 인덱스가 많다면 이작업으 상당히 많은 자원을 소모하게 됩니다.
